[ingridkuhn.com/themes/littleones_html/index.html]
[backblue.gif]
[fade.gif]
[index.html]
[ingridkuhn.com/themes/littleones_html/css/bootstrap.css]
[ingridkuhn.com/themes/littleones_html/fonts/font-awesome/css/font-awesome.min.css]
[ingridkuhn.com/themes/littleones_html/fonts/glyphicons/bootstrap-glyphicons.css]
[ingridkuhn.com/themes/littleones_html/fonts/flaticons/flaticon.css]
[ingridkuhn.com/themes/littleones_html/css/style.css]
[ingridkuhn.com/themes/littleones_html/css/plugins.css]
[ingridkuhn.com/themes/littleones_html/styles/maincolors.css]
[ingridkuhn.com/themes/littleones_html/layerslider/css/layerslider.css]
[ingridkuhn.com/apple-icon-72x72.png]
[ingridkuhn.com/apple-icon-114x114.png]
[www.ingridkuhn.com/apple-icon-72x72.html]
[ingridkuhn.com/themes/littleones_html/favicon.ico]
[ingridkuhn.com/themes/littleones_html/switcher/css/switcher.css]
[ingridkuhn.com/themes/littleones_html/styles/cuteandbright.css]
[www.ingridkuhn.com/apple-icon-114x114.html]
[ingridkuhn.com/themes/littleones_html/styles/pinkandblue.css]
[ingridkuhn.com/themes/littleones_html/styles/sweetpastel.css]
[ingridkuhn.com/themes/littleones_html/maincolors]
[ingridkuhn.com/themes/littleones_html/switcher/images/maincolors.png]
[ingridkuhn.com/themes/littleones_html/cuteandbright.11.delayed]
[ingridkuhn.com/themes/littleones_html/switcher/images/cuteandbright.png]
[ingridkuhn.com/themes/littleones_html/pinkandblue]
[ingridkuhn.com/themes/littleones_html/switcher/images/pinkandblue.png]
[ingridkuhn.com/themes/littleones_html/sweetpastel.15.delayed]
[ingridkuhn.com/themes/littleones_html/switcher/images/sweetpastel.png]
[ingridkuhn.com/themes/littleones_html/index-2.html]
[ingridkuhn.com/themes/littleones_html/index_boxed.html]
[ingridkuhn.com/themes/littleones_html/img/logo_light.png]
[ingridkuhn.com/themes/littleones_html/blog.html]
[ingridkuhn.com/themes/littleones_html/blog-single.html]
[ingridkuhn.com/themes/littleones_html/elements.html]
[ingridkuhn.com/themes/littleones_html/img/slide1.jpg]
[ingridkuhn.com/themes/littleones_html/img/slide2.jpg]
[ingridkuhn.com/themes/littleones_html/img/slide3.jpg]
[ingridkuhn.com/themes/littleones_html/img/slide4.jpg]
[ingridkuhn.com/themes/littleones_html/img/services.jpg]
[ingridkuhn.com/themes/littleones_html/img/service1.jpg]
[ingridkuhn.com/themes/littleones_html/img/service2.jpg]
[ingridkuhn.com/themes/littleones_html/img/service3.jpg]
[ingridkuhn.com/themes/littleones_html/img/service4.jpg]
[ingridkuhn.com/themes/littleones_html/img/service5.jpg]
[ingridkuhn.com/themes/littleones_html/img/service6.jpg]
[ingridkuhn.com/themes/littleones_html/img/sunbg.png]
[ingridkuhn.com/themes/littleones_html/img/testimonial1.jpg]
[ingridkuhn.com/themes/littleones_html/img/testimonial2.jpg]
[ingridkuhn.com/themes/littleones_html/img/testimonial3.jpg]
[ingridkuhn.com/themes/littleones_html/img/testimonial4.jpg]
[ingridkuhn.com/themes/littleones_html/img/boy1ornament.png]
[ingridkuhn.com/themes/littleones_html/img/about1.jpg]
[ingridkuhn.com/themes/littleones_html/img/about2.jpg]
[ingridkuhn.com/themes/littleones_html/img/about3.jpg]
[ingridkuhn.com/themes/littleones_html/img/girl1ornament.png]
[ingridkuhn.com/themes/littleones_html/img/team1.jpg]
[ingridkuhn.com/themes/littleones_html/img/team2.jpg]
[ingridkuhn.com/themes/littleones_html/img/team3.jpg]
[ingridkuhn.com/themes/littleones_html/img/team4.jpg]
[ingridkuhn.com/themes/littleones_html/img/team5.jpg]
[ingridkuhn.com/themes/littleones_html/img/boy2ornament.png]
[ingridkuhn.com/themes/littleones_html/img/blogprev1.jpg]
[ingridkuhn.com/themes/littleones_html/img/blogprev2.jpg]
[ingridkuhn.com/themes/littleones_html/img/blogprev3.jpg]
[ingridkuhn.com/themes/littleones_html/img/blogprev4.jpg]
[ingridkuhn.com/themes/littleones_html/img/gallery1.jpg]
[ingridkuhn.com/themes/littleones_html/img/gallery2.jpg]
[ingridkuhn.com/themes/littleones_html/img/gallery3.jpg]
[ingridkuhn.com/themes/littleones_html/img/gallery4.jpg]
[ingridkuhn.com/themes/littleones_html/img/gallery5.jpg]
[ingridkuhn.com/themes/littleones_html/img/gallery6.jpg]
[ingridkuhn.com/themes/littleones_html/img/gallery7.jpg]
[ingridkuhn.com/themes/littleones_html/img/gallery8.jpg]
[ingridkuhn.com/themes/littleones_html/img/birdornament.png]
[ingridkuhn.com/themes/littleones_html/img/logo.png]
[ingridkuhn.com/themes/littleones_html/js/jquery.min.js]
[ingridkuhn.com/themes/littleones_html/js/bootstrap.min.js]
[ingridkuhn.com/themes/littleones_html/js/main.js]
[ingridkuhn.com/themes/littleones_html/js/map.js]
[ingridkuhn.com/themes/littleones_html/js/contact.js]
[ingridkuhn.com/themes/littleones_html/js/plugins.js]
[ingridkuhn.com/themes/littleones_html/js/prefixfree.js]
[ingridkuhn.com/themes/littleones_html/layerslider/js/layerslider.kreaturamedia.jquery.js]
[ingridkuhn.com/themes/littleones_html/switcher/js/bootstrap-select.js]
[ajax.googleapis.com/ajax/libs/jqueryui/1.8.18/jquery-ui.js]
[ingridkuhn.com/themes/littleones_html/switcher/js/dmss.js]
[ingridkuhn.com/themes/littleones_html/index.html]
[ingridkuhn.com/themes/littleones_html/fonts/glyphicons-halflings-regular.eot]
[ingridkuhn.com/themes/littleones_html/fonts/glyphicons-halflings-regulard41d.eot]
[ingridkuhn.com/themes/littleones_html/fonts/glyphicons-halflings-regular.woff2]
[ingridkuhn.com/themes/littleones_html/fonts/glyphicons-halflings-regular.woff]
[ingridkuhn.com/themes/littleones_html/fonts/glyphicons-halflings-regular.ttf]
[ingridkuhn.com/themes/littleones_html/fonts/glyphicons-halflings-regular.svg]
[ingridkuhn.com/themes/littleones_html/css/bootstrap.css]
[ingridkuhn.com/themes/littleones_html/fonts/font-awesome/fonts/fontawesome-webfonte0a5.eot]
[ingridkuhn.com/themes/littleones_html/fonts/font-awesome/fonts/fontawesome-webfontd41d.eot]
[ingridkuhn.com/themes/littleones_html/fonts/font-awesome/fonts/fontawesome-webfonte0a5.woff]
[ingridkuhn.com/themes/littleones_html/fonts/font-awesome/fonts/fontawesome-webfonte0a5.woff2]
[ingridkuhn.com/themes/littleones_html/fonts/font-awesome/fonts/fontawesome-webfonte0a5.ttf]
[ingridkuhn.com/themes/littleones_html/fonts/font-awesome/css/font-awesome.min.css]
[ingridkuhn.com/themes/littleones_html/fonts/glyphicons/glyphicons-halflings-regular.eot]
[ingridkuhn.com/themes/littleones_html/fonts/glyphicons/glyphicons-halflings-regulard41d.eot]
[ingridkuhn.com/themes/littleones_html/fonts/glyphicons/glyphicons-halflings-regular.woff]
[ingridkuhn.com/themes/littleones_html/fonts/glyphicons/glyphicons-halflings-regular.ttf]
[ingridkuhn.com/themes/littleones_html/fonts/glyphicons/bootstrap-glyphicons.css]
[ingridkuhn.com/themes/littleones_html/fonts/flaticons/Flaticon.eot]
[ingridkuhn.com/themes/littleones_html/fonts/flaticons/Flaticon.woff]
[ingridkuhn.com/themes/littleones_html/fonts/flaticons/Flaticond41d.eot]
[ingridkuhn.com/themes/littleones_html/fonts/flaticons/flaticon.css]
[ingridkuhn.com/themes/littleones_html/fonts/flaticons/Flaticon.ttf]
[ingridkuhn.com/themes/littleones_html/img/bg_calltoaction1.jpg]
[ingridkuhn.com/themes/littleones_html/img/bg_calltoaction2.jpg]
[ingridkuhn.com/themes/littleones_html/img/bggreen.png]
[ingridkuhn.com/themes/littleones_html/img/polaroid_texture.png]
[ingridkuhn.com/themes/littleones_html/img/bgcontact.png]
[ingridkuhn.com/themes/littleones_html/img/linedpaper.png]
[ingridkuhn.com/themes/littleones_html/img/jumbotron.jpg]
[ingridkuhn.com/themes/littleones_html/img/bgdots.png]
[ingridkuhn.com/themes/littleones_html/img/bgdots2.png]
[ingridkuhn.com/themes/littleones_html/css/style.css]
[ingridkuhn.com/themes/littleones_html/img/prettyPhoto/default/sprite.png]
[ingridkuhn.com/themes/littleones_html/img/prettyPhoto/default/sprite_x.png]
[ingridkuhn.com/themes/littleones_html/img/prettyPhoto/default/sprite_y.png]
[ingridkuhn.com/themes/littleones_html/img/prettyPhoto/default/sprite_next.png]
[ingridkuhn.com/themes/littleones_html/img/prettyPhoto/default/sprite_prev.png]
[ingridkuhn.com/themes/littleones_html/img/prettyPhoto/default/default_thumb.png]
[ingridkuhn.com/themes/littleones_html/img/prettyPhoto/default/loader.gif]
[ingridkuhn.com/themes/littleones_html/img/prettyPhoto/light_rounded/sprite.png]
[ingridkuhn.com/themes/littleones_html/img/prettyPhoto/light_rounded/btnNext.png]
[ingridkuhn.com/themes/littleones_html/img/prettyPhoto/light_rounded/btnPrevious.png]
[ingridkuhn.com/themes/littleones_html/img/prettyPhoto/dark_rounded/sprite.png]
[ingridkuhn.com/themes/littleones_html/img/prettyPhoto/dark_rounded/contentPattern.png]
[ingridkuhn.com/themes/littleones_html/img/prettyPhoto/dark_rounded/btnNext.png]
[ingridkuhn.com/themes/littleones_html/img/prettyPhoto/dark_rounded/btnPrevious.png]
[ingridkuhn.com/themes/littleones_html/img/prettyPhoto/dark_rounded/loader.gif]
[ingridkuhn.com/themes/littleones_html/img/prettyPhoto/dark_square/loader.gif]
[ingridkuhn.com/themes/littleones_html/img/prettyPhoto/dark_square/sprite.png]
[ingridkuhn.com/themes/littleones_html/img/prettyPhoto/dark_square/btnNext.png]
[ingridkuhn.com/themes/littleones_html/img/prettyPhoto/dark_square/btnPrevious.png]
[ingridkuhn.com/themes/littleones_html/img/prettyPhoto/light_square/sprite.png]
[ingridkuhn.com/themes/littleones_html/img/prettyPhoto/light_square/btnNext.png]
[ingridkuhn.com/themes/littleones_html/img/prettyPhoto/light_square/btnPrevious.png]
[ingridkuhn.com/themes/littleones_html/img/prettyPhoto/facebook/sprite.png]
[ingridkuhn.com/themes/littleones_html/img/prettyPhoto/facebook/contentPatternTop.png]
[ingridkuhn.com/themes/littleones_html/img/prettyPhoto/facebook/contentPatternLeft.png]
[ingridkuhn.com/themes/littleones_html/img/prettyPhoto/facebook/contentPatternRight.png]
[ingridkuhn.com/themes/littleones_html/img/prettyPhoto/facebook/loader.gif]
[ingridkuhn.com/themes/littleones_html/img/prettyPhoto/facebook/btnNext.png]
[ingridkuhn.com/themes/littleones_html/img/prettyPhoto/facebook/btnPrevious.png]
[ingridkuhn.com/themes/littleones_html/img/prettyPhoto/facebook/contentPatternBottom.png]
[ingridkuhn.com/themes/littleones_html/img/prettyPhoto/facebook/default_thumbnail.gif]
[ingridkuhn.com/themes/littleones_html/img/prettyPhoto/light_rounded/loader.gif]
[ingridkuhn.com/themes/littleones_html/css/owl.video.play.png]
[www.ingridkuhn.com/themes/littleones_html/css/owl.video.play.html]
[ingridkuhn.com/themes/littleones_html/css/images/layers.png]
[www.ingridkuhn.com/themes/littleones_html/css/images/layers.html]
[ingridkuhn.com/themes/littleones_html/css/images/layers-2x.png]
[www.ingridkuhn.com/themes/littleones_html/css/images/layers-2x.html]
[ingridkuhn.com/themes/littleones_html/css/images/marker-icon.png]
[ingridkuhn.com/themes/littleones_html/css/plugins.css]
[ingridkuhn.com/themes/littleones_html/styles/maincolors.css]
[ingridkuhn.com/themes/littleones_html/layerslider/css/blank.gif]
[ingridkuhn.com/themes/littleones_html/layerslider/css/layerslider.css]
[www.ingridkuhn.com/apple-icon-72x72.html]
[www.ingridkuhn.com/apple-icon-114x114.html]
[ingridkuhn.com/themes/littleones_html/switcher/css/switcher.css]
[ingridkuhn.com/themes/littleones_html/styles/cuteandbright.css]
[ingridkuhn.com/themes/littleones_html/styles/pinkandblue.css]
[ingridkuhn.com/themes/littleones_html/styles/sweetpastel.css]
[www.ingridkuhn.com/themes/littleones_html/css/images/marker-icon.html]
[ingridkuhn.com/themes/littleones_html/maincolors]
[ingridkuhn.com/themes/littleones_html/pinkandblue]
[ingridkuhn.com/themes/littleones_html/index-2.html]
[ingridkuhn.com/themes/littleones_html/maincolors]
[ingridkuhn.com/themes/littleones_html/pinkandblue]
[ingridkuhn.com/themes/littleones_html/index_boxed.html]
[ingridkuhn.com/themes/littleones_html/maincolors]
[ingridkuhn.com/themes/littleones_html/pinkandblue]
[ingridkuhn.com/themes/littleones_html/img/blog1.jpg]
[ingridkuhn.com/themes/littleones_html/img/blog2.jpg]
[ingridkuhn.com/themes/littleones_html/img/blog3.jpg]
[ingridkuhn.com/themes/littleones_html/img/bloglatest1.jpg]
[ingridkuhn.com/themes/littleones_html/img/bloglatest2.jpg]
[ingridkuhn.com/themes/littleones_html/img/bloglatest3.jpg]
[ingridkuhn.com/themes/littleones_html/blog.html]
[ingridkuhn.com/themes/littleones_html/maincolors.a7.delayed]
[ingridkuhn.com/themes/littleones_html/pinkandblue]
[ingridkuhn.com/themes/littleones_html/img/blogmain1.jpg]
[ingridkuhn.com/themes/littleones_html/img/comment1.jpg]
[ingridkuhn.com/themes/littleones_html/img/comment2.jpg]
[ingridkuhn.com/themes/littleones_html/img/comment3.jpg]
[ingridkuhn.com/themes/littleones_html/blog-single.html]
[ingridkuhn.com/themes/littleones_html/pinkandblue]
[ingridkuhn.com/themes/littleones_html/index.php]
[ingridkuhn.com/themes/littleones_html/img/img-elements.jpg]
[ingridkuhn.com/themes/littleones_html/elements.html]
[ingridkuhn.com/themes/littleones_html/js/jquery.min.js]
[ingridkuhn.com/themes/littleones_html/Popover requires tooltip.js]
[ingridkuhn.com/themes/littleones_html/js/bootstrap.min.js]
[ingridkuhn.com/themes/littleones_html/js/main.js]
[www.ingridkuhn.com/themes/littleones_html/Popover requires tooltip.html]
[ingridkuhn.com/themes/littleones_html/js/map.js]
[ingridkuhn.com/themes/littleones_html/php/sendmail.html]
[ingridkuhn.com/themes/littleones_html/js/contact.js]
[ingridkuhn.com/themes/littleones_html/js/plugins.js]
[ingridkuhn.com/themes/littleones_html/js/prefixfree.js]
[ingridkuhn.com/themes/littleones_html/layerslider/js/layerslider.kreaturamedia.jquery.js]
[ingridkuhn.com/themes/littleones_html/switcher/js/bootstrap-select.js]
[ingridkuhn.com/themes/littleones_html/youtu.be/index.html]
[ingridkuhn.com/themes/littleones_html/5P_/ds.du.3J/dG/4/69-23-dP/index.html]
[ingridkuhn.com/themes/littleones_html/c0/index.html]
[ingridkuhn.com/themes/littleones_html/2t/index.html]
[ingridkuhn.com/themes/littleones_html/switcher/js/dmss.js]
[ingridkuhn.com/themes/littleones_html/ds/index.html]
[ingridkuhn.com/themes/littleones_html/fonts/font-awesome/fonts/fontawesome-webfonte0a5.svg]
[ingridkuhn.com/themes/littleones_html/fonts/glyphicons/glyphicons-halflings-regular.svg]
[ingridkuhn.com/themes/littleones_html/fonts/flaticons/Flaticon.svg]
[www.ingridkuhn.com/themes/littleones_html/css/owl.video.play.html]
[www.ingridkuhn.com/themes/littleones_html/css/images/layers.html]
[www.ingridkuhn.com/themes/littleones_html/css/images/layers-2x.html]
[www.ingridkuhn.com/themes/littleones_html/css/images/marker-icon.html]
[ingridkuhn.com/themes/littleones_html/switcher/css/boxed.css]
[www.ingridkuhn.com/themes/littleones_html/Popover requires tooltip.html]
[ingridkuhn.com/themes/littleones_html/php/sendmail.html]
[ingridkuhn.com/themes/littleones_html/youtu.be/index.html]
[ingridkuhn.com/themes/littleones_html/5P_/ds.du.3J/dG/4/69-23-dP/index.html]
[ingridkuhn.com/themes/littleones_html/c0/index.html]
[ingridkuhn.com/themes/littleones_html/2t/index.html]
[ingridkuhn.com/themes/littleones_html/ds/index.html]
[{s}.tile.openstreetmap.org/{z}/{x}/{y}.png]
